---
source: crates/biome_formatter_test/src/snapshot_builder.rs
info: html/attributes/duplicate.html
---
# Input

```html
<a href="1" href="2">123</a>

```


# Prettier differences

```diff
--- Prettier
+++ Biome
@@ -1 +1 @@
-<a href="1" href="2">123</a>
+<a href="1" href="2">123</a>
\ No newline at end of file
```

# Output

```html
<a href="1" href="2">123</a>```
