---
source: crates/biome_formatter_test/src/snapshot_builder.rs
info: html/attributes/smart-quotes.html
---
# Input

```html
<div 
    smart-quotes='123 " 456'
    smart-quotes="123 ' 456"
    smart-quotes='123 &apos;&quot; 456'
></div>

```


# Prettier differences

```diff
--- Prettier
+++ Biome
@@ -1,5 +1,5 @@
-<div
-  smart-quotes='123 " 456'
-  smart-quotes="123 ' 456"
-  smart-quotes="123 '&quot; 456"
-></div>
+<div 
+    smart-quotes='123 " 456'
+    smart-quotes="123 ' 456"
+    smart-quotes='123 &apos;&quot; 456'
+></div>
\ No newline at end of file
```

# Output

```html
<div 
    smart-quotes='123 " 456'
    smart-quotes="123 ' 456"
    smart-quotes='123 &apos;&quot; 456'
></div>```

# Errors
```
smart-quotes.html:2:10 parse ━━━━━━━━━━━━━━━━━━━━━━━━━━━━━━━━━━━━━━━━━━━━━━━━━━━━━━━━━━━━━━━━━━━━━━━

  × Unexpected character `-`
  
    1 │ <div·
  > 2 │     smart-quotes='123 " 456'
      │          ^
    3 │     smart-quotes="123 ' 456"
    4 │     smart-quotes='123 &apos;&quot; 456'
  
smart-quotes.html:3:10 parse ━━━━━━━━━━━━━━━━━━━━━━━━━━━━━━━━━━━━━━━━━━━━━━━━━━━━━━━━━━━━━━━━━━━━━━━

  × Unexpected character `-`
  
    1 │ <div·
    2 │     smart-quotes='123 " 456'
  > 3 │     smart-quotes="123 ' 456"
      │          ^
    4 │     smart-quotes='123 &apos;&quot; 456'
    5 │ ></div>
  
smart-quotes.html:4:10 parse ━━━━━━━━━━━━━━━━━━━━━━━━━━━━━━━━━━━━━━━━━━━━━━━━━━━━━━━━━━━━━━━━━━━━━━━

  × Unexpected character `-`
  
    2 │     smart-quotes='123 " 456'
    3 │     smart-quotes="123 ' 456"
  > 4 │     smart-quotes='123 &apos;&quot; 456'
      │          ^
    5 │ ></div>
    6 │ 
  

```
