---
source: crates/biome_formatter_test/src/snapshot_builder.rs
info: html/multiparser/css/html-with-css-style.html
---
# Input

```html
<!DOCTYPE html>
<html lang="en">
<head>
    <style>
    blink{

        display:  none ;}
    </style>
</head>
<body></body>
</html>


```


# Prettier differences

```diff
--- Prettier
+++ Biome
@@ -1,11 +1,8 @@
-<!doctype html>
+<!DOCTYPE html>
 <html lang="en">
-  <head>
+<head>
     <style>
-      blink {
-        display: none;
-      }
-    </style>
-  </head>
-  <body></body>
-</html>
+    blink{
+
+        display:  none ;}
+    </style></head><body></body></html>
\ No newline at end of file
```

# Output

```html
<!DOCTYPE html>
<html lang="en">
<head>
    <style>
    blink{

        display:  none ;}
    </style></head><body></body></html>```
