---
source: crates/biome_formatter_test/src/snapshot_builder.rs
info: html/js/empty.html
---
# Input

```html
<script></script>

```


# Prettier differences

```diff
--- Prettier
+++ Biome
@@ -1 +1 @@
-<script></script>
+<script></script>
\ No newline at end of file
```

# Output

```html
<script></script>```
