---
source: crates/biome_formatter_test/src/snapshot_builder.rs
info: html/css/empty.html
---
# Input

```html
<style></style>

```


# Prettier differences

```diff
--- Prettier
+++ Biome
@@ -1 +1 @@
-<style></style>
+<style></style>
\ No newline at end of file
```

# Output

```html
<style></style>```
