---
source: crates/biome_formatter_test/src/snapshot_builder.rs
info: html/css/less.html
---
# Input

```html
<style type="text/less">
  @nice-blue: #5B83AD;
  @light-blue: @nice-blue + #111;

  #header {
    color: @light-blue;
  }
</style>

<style lang="less">
  @nice-blue: #5B83AD;
  @light-blue: @nice-blue + #111;

  #header {
    color: @light-blue;
  }
</style>

```


# Prettier differences

```diff
--- Prettier
+++ Biome
@@ -5,10 +5,8 @@
   #header {
     color: @light-blue;
   }
-</style>
-
-<style lang="less">
-  @nice-blue: #5b83ad;
+</style><style lang="less">
+  @nice-blue: #5B83AD;
   @light-blue: @nice-blue + #111;
 
   #header {
```

# Output

```html
<style type="text/less">
  @nice-blue: #5B83AD;
  @light-blue: @nice-blue + #111;

  #header {
    color: @light-blue;
  }
</style><style lang="less">
  @nice-blue: #5B83AD;
  @light-blue: @nice-blue + #111;

  #header {
    color: @light-blue;
  }
</style>
```
