---
source: crates/biome_formatter_test/src/snapshot_builder.rs
info: html/tags/openging-at-end.html
---
# Input

```html
<p
  >Want to write us a letter? Use our<a
    ><b
      ><a>mailing address</a></b
    ></a
  >.</p
>

<p
  >Want to write us a letter? Use our<a
  href="contacts.html#Mailing_address"
    ><b
      ><a>mailing address</a></b
    ></a
  >.</p
>

<p
  >Want to write us a letter? Use our<a
  href="contacts.html#Mailing_address"
  href1="contacts.html#Mailing_address"
  href2="contacts.html#Mailing_address"
  href3="contacts.html#Mailing_address"
  href4="contacts.html#Mailing_address"
    ><b
      ><a>mailing address</a></b
    ></a
  >.</p
>

```


# Prettier differences

```diff
--- Prettier
+++ Biome
@@ -1,22 +1,21 @@
-<p>
-  Want to write us a letter? Use our<a
-    ><b><a>mailing address</a></b></a
-  >.
-</p>
-
-<p>
-  Want to write us a letter? Use our<a href="contacts.html#Mailing_address"
-    ><b><a>mailing address</a></b></a
-  >.
-</p>
+<p>Want to write us a letter? Use our<a><b><a>mailing address</a></b></a>.</p><p
+  >Want to write us a letter? Use our<a
+  href="contacts.html#Mailing_address"
+    ><b
+      ><a>mailing address</a></b
+    ></a
+  >.</p
+>
 
-<p>
-  Want to write us a letter? Use our<a
-    href="contacts.html#Mailing_address"
-    href1="contacts.html#Mailing_address"
-    href2="contacts.html#Mailing_address"
-    href3="contacts.html#Mailing_address"
-    href4="contacts.html#Mailing_address"
-    ><b><a>mailing address</a></b></a
-  >.
-</p>
+<p
+  >Want to write us a letter? Use our<a
+  href="contacts.html#Mailing_address"
+  href1="contacts.html#Mailing_address"
+  href2="contacts.html#Mailing_address"
+  href3="contacts.html#Mailing_address"
+  href4="contacts.html#Mailing_address"
+    ><b
+      ><a>mailing address</a></b
+    ></a
+  >.</p
+>
```

# Output

```html
<p>Want to write us a letter? Use our<a><b><a>mailing address</a></b></a>.</p><p
  >Want to write us a letter? Use our<a
  href="contacts.html#Mailing_address"
    ><b
      ><a>mailing address</a></b
    ></a
  >.</p
>

<p
  >Want to write us a letter? Use our<a
  href="contacts.html#Mailing_address"
  href1="contacts.html#Mailing_address"
  href2="contacts.html#Mailing_address"
  href3="contacts.html#Mailing_address"
  href4="contacts.html#Mailing_address"
    ><b
      ><a>mailing address</a></b
    ></a
  >.</p
>
```

# Errors
```
openging-at-end.html:6:4 parse ━━━━━━━━━━━━━━━━━━━━━━━━━━━━━━━━━━━━━━━━━━━━━━━━━━━━━━━━━━━━━━━━━━━━━

  × Unexpected character `.`
  
    4 │       ><a>mailing address</a></b
    5 │     ></a
  > 6 │   >.</p
      │    ^
    7 │ >
    8 │ 
  

```
