---
source: crates/biome_formatter_test/src/snapshot_builder.rs
info: html/tags/tags.html
---
# Input

```html
<br/>
<br />
<br  />
<br
/>
<br attribute-a />
<br very-very-very-very-very-very-very-very-very-very-very-very-very-very-very-very-very-very-long-attribute />
<br attribute-a="value" />
<br
  attribute-a="value"
/>
<br very-very-very-very-very-very-very-very-very-very-very-very-very-very-very-very-very-very-long-attribute="value" />
<br very-very-very-very-very-very-very-very-very-very-very-very-very-very-very-very-very-very-long-attribute="very-very-very-very-very-very-very-very-very-very-very-very-very-very-very-very-very-very-long-value" />
<br attribute-a="value" attribute-b="value" attribute-c="value" attribute-d="value" attribute-e="value" attribute-f="value" />
<div>string</div>
<div>very very very very very very very very very very very very very very very very long string</div>
<div very-very-very-very-very-very-very-very-very-very-very-very-very-very-very-very-very-very-long-attribute>string</div>
<div very-very-very-very-very-very-very-very-very-very-very-very-very-very-very-very-very-very-long-attribute="value">string</div>
<div attribute="very-very-very-very-very-very-very-very-very-very-very-very-very-very-very-very-very-very-long-value">string</div>
<div attribute="value">very very very very very very very very very very very very very very very very long string</div>
<div attribute="value" attributea="value" attributeb="value" attributec="value" attributed="value" attributef="value">string</div>
<div attribute="value" attributea="value" attributeb="value" attributec="value" attributed="value" attributef="value">very very very very very very very very very very very very very very very very long string</div>
<video width="320" height="240" controls>
  <source src="movie.mp4" type="video/mp4">
  <source src="movie.ogg" type="video/ogg">
  Your browser does not support the video tag.
</video>
<div><div>string</div></div>
<div><div>string</div><div>string</div></div>
<div><div><div>string</div></div><div>string</div></div>
<div><div>string</div><div><div>string</div></div></div>
<div><div></div></div>
<div><div></div><div></div></div>
<div><div><div><div><div><div><div>string</div></div></div></div></div></div></div>
<div>
  <div>string</div>
</div>
<div>

  <div>string</div>

</div>
<div>

  <div>string</div>

  <div>string</div>

</div>
<ul
  >123<li
    class="foo"
    id="bar"
  >First</li
  >456<li
    class="baz"
  >Second</li
  >789</ul
>
<span>*<b>200</b></span>
<img src="longlonglonglonglonglonglonglonglonglonglonglonglonglonglonglonglonglonglonglong" />123
<div>123<meta attr/>456</div>
<p>x<span a="b"></span></p>
<p>x<meta a></p>
<p>x<meta></p>
<span></span>

<label aaaaaaaaaaaaaaaaaaaaaaaaaaaaaaaaaaaaaaaaaaaaaaaaaaaaaaaaaaaaaaaaaaaaaaaaa></label> |
<span></span>
<br />
<button xxxxxxxxxxxxxxxxxxxxxxxxxxxxxxxxxxxxx
  >12345678901234567890</button
> <br /><br />

<button bind-disabled="isUnchanged" on-click="onSave($event)"
  >Disabled Cancel</button
>
<br /><br />
<button xxxxxxxxxxxxxxxxxxxxxxxxxxxxxxxxxxxxx
  >12345678901234567890</button
> <br /><br />

<button bind-disabled="isUnchanged" on-click="onSave($event)"
  >Disabled Cancel</button
>
<br /><br />
<p>"<span [innerHTML]="title"></span>" is the <i>property bound</i> title.</p>
<li>12345678901234567890123456789012345678901234567890123456789012345678901234567890</li>
<div>
<app-nav></app-nav>
<router-outlet></router-outlet>
<app-footer></app-footer>

<app-nav [input]="something"></app-nav>
<router-outlet></router-outlet>
<app-footer></app-footer>

<app-primary-navigation></app-primary-navigation>
<router-outlet></router-outlet>
<app-footer [input]="something"></app-footer>
</div>
<x:root><SPAN>tag name in other namespace should also lower cased</SPAN></x:root>
<div>
  Lorem ipsum dolor sit amet, consectetur adipiscing elit,
  "<strong>seddoeiusmod</strong>".
</div>
<div>
  Lorem ipsum dolor sit amet, consectetur adipiscing elit,
  <strong>seddoeiusmod</strong>.
</div>
<span>
  <i class="fa fa-refresh fa-spin" />
  <i class="fa fa-refresh fa-spin" />
  <i class="fa fa-refresh fa-spin" />
</span>

<!-- #5810 -->
<table><tr>
</tr>
</table><div>Should not insert empty line before this div</div>

<!-- self-closing -->
<span><input type="checkbox"/> </span>
<span><span><input type="checkbox"/></span></span>
<span><input type="checkbox"/></span>

```


# Prettier differences

```diff
--- Prettier
+++ Biome
@@ -1,174 +1,105 @@
-<br />
-<br />
-<br />
-<br />
-<br attribute-a />
 <br
-  very-very-very-very-very-very-very-very-very-very-very-very-very-very-very-very-very-very-long-attribute
-/>
-<br attribute-a="value" />
-<br attribute-a="value" />
+/><br />
+<br  />
 <br
-  very-very-very-very-very-very-very-very-very-very-very-very-very-very-very-very-very-very-long-attribute="value"
 />
-<br
-  very-very-very-very-very-very-very-very-very-very-very-very-very-very-very-very-very-very-long-attribute="very-very-very-very-very-very-very-very-very-very-very-very-very-very-very-very-very-very-long-value"
-/>
+<br attribute-a />
+<br very-very-very-very-very-very-very-very-very-very-very-very-very-very-very-very-very-very-long-attribute />
+<br attribute-a="value" />
 <br
   attribute-a="value"
-  attribute-b="value"
-  attribute-c="value"
-  attribute-d="value"
-  attribute-e="value"
-  attribute-f="value"
 />
+<br very-very-very-very-very-very-very-very-very-very-very-very-very-very-very-very-very-very-long-attribute="value" />
+<br very-very-very-very-very-very-very-very-very-very-very-very-very-very-very-very-very-very-long-attribute="very-very-very-very-very-very-very-very-very-very-very-very-very-very-very-very-very-very-long-value" />
+<br attribute-a="value" attribute-b="value" attribute-c="value" attribute-d="value" attribute-e="value" attribute-f="value" />
 <div>string</div>
-<div>
-  very very very very very very very very very very very very very very very
-  very long string
-</div>
-<div
-  very-very-very-very-very-very-very-very-very-very-very-very-very-very-very-very-very-very-long-attribute
->
-  string
-</div>
-<div
-  very-very-very-very-very-very-very-very-very-very-very-very-very-very-very-very-very-very-long-attribute="value"
->
-  string
-</div>
-<div
-  attribute="very-very-very-very-very-very-very-very-very-very-very-very-very-very-very-very-very-very-long-value"
->
-  string
-</div>
-<div attribute="value">
-  very very very very very very very very very very very very very very very
-  very long string
-</div>
-<div
-  attribute="value"
-  attributea="value"
-  attributeb="value"
-  attributec="value"
-  attributed="value"
-  attributef="value"
->
-  string
-</div>
-<div
-  attribute="value"
-  attributea="value"
-  attributeb="value"
-  attributec="value"
-  attributed="value"
-  attributef="value"
->
-  very very very very very very very very very very very very very very very
-  very long string
-</div>
+<div>very very very very very very very very very very very very very very very very long string</div>
+<div very-very-very-very-very-very-very-very-very-very-very-very-very-very-very-very-very-very-long-attribute>string</div>
+<div very-very-very-very-very-very-very-very-very-very-very-very-very-very-very-very-very-very-long-attribute="value">string</div>
+<div attribute="very-very-very-very-very-very-very-very-very-very-very-very-very-very-very-very-very-very-long-value">string</div>
+<div attribute="value">very very very very very very very very very very very very very very very very long string</div>
+<div attribute="value" attributea="value" attributeb="value" attributec="value" attributed="value" attributef="value">string</div>
+<div attribute="value" attributea="value" attributeb="value" attributec="value" attributed="value" attributef="value">very very very very very very very very very very very very very very very very long string</div>
 <video width="320" height="240" controls>
-  <source src="movie.mp4" type="video/mp4" />
-  <source src="movie.ogg" type="video/ogg" />
+  <source src="movie.mp4" type="video/mp4">
+  <source src="movie.ogg" type="video/ogg">
   Your browser does not support the video tag.
 </video>
 <div><div>string</div></div>
-<div>
-  <div>string</div>
-  <div>string</div>
-</div>
-<div>
-  <div><div>string</div></div>
-  <div>string</div>
-</div>
-<div>
-  <div>string</div>
-  <div><div>string</div></div>
-</div>
+<div><div>string</div><div>string</div></div>
+<div><div><div>string</div></div><div>string</div></div>
+<div><div>string</div><div><div>string</div></div></div>
 <div><div></div></div>
-<div>
-  <div></div>
-  <div></div>
-</div>
-<div>
-  <div>
-    <div>
-      <div>
-        <div>
-          <div><div>string</div></div>
-        </div>
-      </div>
-    </div>
-  </div>
-</div>
+<div><div></div><div></div></div>
+<div><div><div><div><div><div><div>string</div></div></div></div></div></div></div>
 <div>
   <div>string</div>
 </div>
 <div>
+
   <div>string</div>
+
 </div>
 <div>
+
   <div>string</div>
 
   <div>string</div>
+
 </div>
-<ul>
-  123
-  <li class="foo" id="bar">First</li>
-  456
-  <li class="baz">Second</li>
-  789
-</ul>
+<ul
+  >123<li
+    class="foo"
+    id="bar"
+  >First</li
+  >456<li
+    class="baz"
+  >Second</li
+  >789</ul
+>
 <span>*<b>200</b></span>
-<img
-  src="longlonglonglonglonglonglonglonglonglonglonglonglonglonglonglonglonglonglonglong"
-/>123
-<div>123<meta attr />456</div>
+<img src="longlonglonglonglonglonglonglonglonglonglonglonglonglonglonglonglonglonglonglong" />123
+<div>123<meta attr/>456</div>
 <p>x<span a="b"></span></p>
-<p>x<meta a /></p>
-<p>x<meta /></p>
+<p>x<meta a></p>
+<p>x<meta></p>
 <span></span>
 
-<label
-  aaaaaaaaaaaaaaaaaaaaaaaaaaaaaaaaaaaaaaaaaaaaaaaaaaaaaaaaaaaaaaaaaaaaaaaaa
-></label>
-|
+<label aaaaaaaaaaaaaaaaaaaaaaaaaaaaaaaaaaaaaaaaaaaaaaaaaaaaaaaaaaaaaaaaaaaaaaaaa></label> |
 <span></span>
 <br />
-<button xxxxxxxxxxxxxxxxxxxxxxxxxxxxxxxxxxxxx>12345678901234567890</button>
-<br /><br />
+<button xxxxxxxxxxxxxxxxxxxxxxxxxxxxxxxxxxxxx
+  >12345678901234567890</button
+> <br /><br />
 
-<button bind-disabled="isUnchanged" on-click="onSave($event)">
-  Disabled Cancel
-</button>
+<button bind-disabled="isUnchanged" on-click="onSave($event)"
+  >Disabled Cancel</button
+>
 <br /><br />
-<button xxxxxxxxxxxxxxxxxxxxxxxxxxxxxxxxxxxxx>12345678901234567890</button>
-<br /><br />
+<button xxxxxxxxxxxxxxxxxxxxxxxxxxxxxxxxxxxxx
+  >12345678901234567890</button
+> <br /><br />
 
-<button bind-disabled="isUnchanged" on-click="onSave($event)">
-  Disabled Cancel
-</button>
+<button bind-disabled="isUnchanged" on-click="onSave($event)"
+  >Disabled Cancel</button
+>
 <br /><br />
 <p>"<span [innerHTML]="title"></span>" is the <i>property bound</i> title.</p>
-<li>
-  12345678901234567890123456789012345678901234567890123456789012345678901234567890
-</li>
+<li>12345678901234567890123456789012345678901234567890123456789012345678901234567890</li>
 <div>
-  <app-nav></app-nav>
-  <router-outlet></router-outlet>
-  <app-footer></app-footer>
+<app-nav></app-nav>
+<router-outlet></router-outlet>
+<app-footer></app-footer>
 
-  <app-nav [input]="something"></app-nav>
-  <router-outlet></router-outlet>
-  <app-footer></app-footer>
+<app-nav [input]="something"></app-nav>
+<router-outlet></router-outlet>
+<app-footer></app-footer>
 
-  <app-primary-navigation></app-primary-navigation>
-  <router-outlet></router-outlet>
-  <app-footer [input]="something"></app-footer>
+<app-primary-navigation></app-primary-navigation>
+<router-outlet></router-outlet>
+<app-footer [input]="something"></app-footer>
 </div>
-<x:root
-  ><span>tag name in other namespace should also lower cased</span></x:root
->
+<x:root><SPAN>tag name in other namespace should also lower cased</SPAN></x:root>
 <div>
   Lorem ipsum dolor sit amet, consectetur adipiscing elit,
   "<strong>seddoeiusmod</strong>".
@@ -184,14 +115,11 @@
 </span>
 
 <!-- #5810 -->
-<table>
-  <tr></tr>
-</table>
-<div>Should not insert empty line before this div</div>
+<table><tr>
+</tr>
+</table><div>Should not insert empty line before this div</div>
 
 <!-- self-closing -->
-<span><input type="checkbox" /> </span>
-<span
-  ><span><input type="checkbox" /></span
-></span>
-<span><input type="checkbox" /></span>
+<span><input type="checkbox"/> </span>
+<span><span><input type="checkbox"/></span></span>
+<span><input type="checkbox"/></span>
```

# Output

```html
<br
/><br />
<br  />
<br
/>
<br attribute-a />
<br very-very-very-very-very-very-very-very-very-very-very-very-very-very-very-very-very-very-long-attribute />
<br attribute-a="value" />
<br
  attribute-a="value"
/>
<br very-very-very-very-very-very-very-very-very-very-very-very-very-very-very-very-very-very-long-attribute="value" />
<br very-very-very-very-very-very-very-very-very-very-very-very-very-very-very-very-very-very-long-attribute="very-very-very-very-very-very-very-very-very-very-very-very-very-very-very-very-very-very-long-value" />
<br attribute-a="value" attribute-b="value" attribute-c="value" attribute-d="value" attribute-e="value" attribute-f="value" />
<div>string</div>
<div>very very very very very very very very very very very very very very very very long string</div>
<div very-very-very-very-very-very-very-very-very-very-very-very-very-very-very-very-very-very-long-attribute>string</div>
<div very-very-very-very-very-very-very-very-very-very-very-very-very-very-very-very-very-very-long-attribute="value">string</div>
<div attribute="very-very-very-very-very-very-very-very-very-very-very-very-very-very-very-very-very-very-long-value">string</div>
<div attribute="value">very very very very very very very very very very very very very very very very long string</div>
<div attribute="value" attributea="value" attributeb="value" attributec="value" attributed="value" attributef="value">string</div>
<div attribute="value" attributea="value" attributeb="value" attributec="value" attributed="value" attributef="value">very very very very very very very very very very very very very very very very long string</div>
<video width="320" height="240" controls>
  <source src="movie.mp4" type="video/mp4">
  <source src="movie.ogg" type="video/ogg">
  Your browser does not support the video tag.
</video>
<div><div>string</div></div>
<div><div>string</div><div>string</div></div>
<div><div><div>string</div></div><div>string</div></div>
<div><div>string</div><div><div>string</div></div></div>
<div><div></div></div>
<div><div></div><div></div></div>
<div><div><div><div><div><div><div>string</div></div></div></div></div></div></div>
<div>
  <div>string</div>
</div>
<div>

  <div>string</div>

</div>
<div>

  <div>string</div>

  <div>string</div>

</div>
<ul
  >123<li
    class="foo"
    id="bar"
  >First</li
  >456<li
    class="baz"
  >Second</li
  >789</ul
>
<span>*<b>200</b></span>
<img src="longlonglonglonglonglonglonglonglonglonglonglonglonglonglonglonglonglonglonglong" />123
<div>123<meta attr/>456</div>
<p>x<span a="b"></span></p>
<p>x<meta a></p>
<p>x<meta></p>
<span></span>

<label aaaaaaaaaaaaaaaaaaaaaaaaaaaaaaaaaaaaaaaaaaaaaaaaaaaaaaaaaaaaaaaaaaaaaaaaa></label> |
<span></span>
<br />
<button xxxxxxxxxxxxxxxxxxxxxxxxxxxxxxxxxxxxx
  >12345678901234567890</button
> <br /><br />

<button bind-disabled="isUnchanged" on-click="onSave($event)"
  >Disabled Cancel</button
>
<br /><br />
<button xxxxxxxxxxxxxxxxxxxxxxxxxxxxxxxxxxxxx
  >12345678901234567890</button
> <br /><br />

<button bind-disabled="isUnchanged" on-click="onSave($event)"
  >Disabled Cancel</button
>
<br /><br />
<p>"<span [innerHTML]="title"></span>" is the <i>property bound</i> title.</p>
<li>12345678901234567890123456789012345678901234567890123456789012345678901234567890</li>
<div>
<app-nav></app-nav>
<router-outlet></router-outlet>
<app-footer></app-footer>

<app-nav [input]="something"></app-nav>
<router-outlet></router-outlet>
<app-footer></app-footer>

<app-primary-navigation></app-primary-navigation>
<router-outlet></router-outlet>
<app-footer [input]="something"></app-footer>
</div>
<x:root><SPAN>tag name in other namespace should also lower cased</SPAN></x:root>
<div>
  Lorem ipsum dolor sit amet, consectetur adipiscing elit,
  "<strong>seddoeiusmod</strong>".
</div>
<div>
  Lorem ipsum dolor sit amet, consectetur adipiscing elit,
  <strong>seddoeiusmod</strong>.
</div>
<span>
  <i class="fa fa-refresh fa-spin" />
  <i class="fa fa-refresh fa-spin" />
  <i class="fa fa-refresh fa-spin" />
</span>

<!-- #5810 -->
<table><tr>
</tr>
</table><div>Should not insert empty line before this div</div>

<!-- self-closing -->
<span><input type="checkbox"/> </span>
<span><span><input type="checkbox"/></span></span>
<span><input type="checkbox"/></span>
```

# Lines exceeding max width of 80 characters
```
    7: <br very-very-very-very-very-very-very-very-very-very-very-very-very-very-very-very-very-very-long-attribute />
   12: <br very-very-very-very-very-very-very-very-very-very-very-very-very-very-very-very-very-very-long-attribute="value" />
   13: <br very-very-very-very-very-very-very-very-very-very-very-very-very-very-very-very-very-very-long-attribute="very-very-very-very-very-very-very-very-very-very-very-very-very-very-very-very-very-very-long-value" />
   14: <br attribute-a="value" attribute-b="value" attribute-c="value" attribute-d="value" attribute-e="value" attribute-f="value" />
   16: <div>very very very very very very very very very very very very very very very very long string</div>
   17: <div very-very-very-very-very-very-very-very-very-very-very-very-very-very-very-very-very-very-long-attribute>string</div>
   18: <div very-very-very-very-very-very-very-very-very-very-very-very-very-very-very-very-very-very-long-attribute="value">string</div>
   19: <div attribute="very-very-very-very-very-very-very-very-very-very-very-very-very-very-very-very-very-very-long-value">string</div>
   20: <div attribute="value">very very very very very very very very very very very very very very very very long string</div>
   21: <div attribute="value" attributea="value" attributeb="value" attributec="value" attributed="value" attributef="value">string</div>
   22: <div attribute="value" attributea="value" attributeb="value" attributec="value" attributed="value" attributef="value">very very very very very very very very very very very very very very very very long string</div>
   34: <div><div><div><div><div><div><div>string</div></div></div></div></div></div></div>
   61: <img src="longlonglonglonglonglonglonglonglonglonglonglonglonglonglonglonglonglonglonglong" />123
   68: <label aaaaaaaaaaaaaaaaaaaaaaaaaaaaaaaaaaaaaaaaaaaaaaaaaaaaaaaaaaaaaaaaaaaaaaaaa></label> |
   88: <li>12345678901234567890123456789012345678901234567890123456789012345678901234567890</li>
  102: <x:root><SPAN>tag name in other namespace should also lower cased</SPAN></x:root>
```
