---
source: crates/biome_formatter_test/src/snapshot_builder.rs
info: html/basics/empty-doc.html
---
# Input

```html
<!doctype html>
<html>
<head></head>
<body></body>
</html>

```


# Prettier differences

```diff
--- Prettier
+++ Biome
@@ -1,5 +1,3 @@
 <!doctype html>
 <html>
-  <head></head>
-  <body></body>
-</html>
+<head></head><body></body></html>
\ No newline at end of file
```

# Output

```html
<!doctype html>
<html>
<head></head><body></body></html>```
