---
source: crates/biome_formatter_test/src/snapshot_builder.rs
info: html/basics/form.html
---
# Input

```html
<form>
  <div class="form-group">
    <label for="exampleInputEmail1">Email address</label>
    <input type="email" class="form-control" id="exampleInputEmail1" aria-describedby="emailHelp" placeholder="Enter email">
    <small id="emailHelp" class="form-text text-muted">We'll never share your email with anyone else.</small>
  </div>
  <div class="form-group">
    <label for="exampleInputPassword1">Password</label>
    <input type="password" class="form-control" id="exampleInputPassword1" placeholder="Password">
  </div>
  <div class="form-group">
    <label for="exampleSelect1">Example select</label>
    <select class="form-control" id="exampleSelect1">
      <option>1</option>
      <option>2</option>
      <option>3</option>
      <option>4</option>
      <option>5</option>
    </select>
  </div>
  <div class="form-group">
    <label for="exampleSelect2">Example multiple select</label>
    <select multiple class="form-control" id="exampleSelect2">
      <option>1</option>
      <option>2</option>
      <option>3</option>
      <option>4</option>
      <option>5</option>
    </select>
  </div>
  <div class="form-group">
    <label for="exampleTextarea">Example textarea</label>
    <textarea class="form-control" id="exampleTextarea" rows="3"></textarea>
  </div>
  <div class="form-group">
    <label for="exampleInputFile">File input</label>
    <input type="file" class="form-control-file" id="exampleInputFile" aria-describedby="fileHelp">
    <small id="fileHelp" class="form-text text-muted">This is some placeholder block-level help text for the above input. It's a bit lighter and easily wraps to a new line.</small>
  </div>
  <fieldset class="form-group">
    <legend>Radio buttons</legend>
    <div class="form-check">
      <label class="form-check-label">
        <input type="radio" class="form-check-input" name="optionsRadios" id="optionsRadios1" value="option1" checked>
        Option one is this and that&mdash;be sure to include why it's great
      </label>
    </div>
    <div class="form-check">
      <label class="form-check-label">
        <input type="radio" class="form-check-input" name="optionsRadios" id="optionsRadios2" value="option2">
        Option two can be something else and selecting it will deselect option one
      </label>
    </div>
    <div class="form-check disabled">
      <label class="form-check-label">
        <input type="radio" class="form-check-input" name="optionsRadios" id="optionsRadios3" value="option3" disabled>
        Option three is disabled
      </label>
    </div>
  </fieldset>
  <div class="form-check">
    <label class="form-check-label">
      <input type="checkbox" class="form-check-input">
      Check me out
    </label>
  </div>
  <button type="submit" class="btn btn-primary">Submit</button>
</form>

```


# Prettier differences

```diff
--- Prettier
+++ Biome
@@ -1,25 +1,12 @@
 <form>
   <div class="form-group">
     <label for="exampleInputEmail1">Email address</label>
-    <input
-      type="email"
-      class="form-control"
-      id="exampleInputEmail1"
-      aria-describedby="emailHelp"
-      placeholder="Enter email"
-    />
-    <small id="emailHelp" class="form-text text-muted"
-      >We'll never share your email with anyone else.</small
-    >
+    <input type="email" class="form-control" id="exampleInputEmail1" aria-describedby="emailHelp" placeholder="Enter email">
+    <small id="emailHelp" class="form-text text-muted">We'll never share your email with anyone else.</small>
   </div>
   <div class="form-group">
     <label for="exampleInputPassword1">Password</label>
-    <input
-      type="password"
-      class="form-control"
-      id="exampleInputPassword1"
-      placeholder="Password"
-    />
+    <input type="password" class="form-control" id="exampleInputPassword1" placeholder="Password">
   </div>
   <div class="form-group">
     <label for="exampleSelect1">Example select</label>
@@ -47,64 +34,35 @@
   </div>
   <div class="form-group">
     <label for="exampleInputFile">File input</label>
-    <input
-      type="file"
-      class="form-control-file"
-      id="exampleInputFile"
-      aria-describedby="fileHelp"
-    />
-    <small id="fileHelp" class="form-text text-muted"
-      >This is some placeholder block-level help text for the above input. It's
-      a bit lighter and easily wraps to a new line.</small
-    >
+    <input type="file" class="form-control-file" id="exampleInputFile" aria-describedby="fileHelp">
+    <small id="fileHelp" class="form-text text-muted">This is some placeholder block-level help text for the above input. It's a bit lighter and easily wraps to a new line.</small>
   </div>
   <fieldset class="form-group">
     <legend>Radio buttons</legend>
     <div class="form-check">
       <label class="form-check-label">
-        <input
-          type="radio"
-          class="form-check-input"
-          name="optionsRadios"
-          id="optionsRadios1"
-          value="option1"
-          checked
-        />
+        <input type="radio" class="form-check-input" name="optionsRadios" id="optionsRadios1" value="option1" checked>
         Option one is this and that&mdash;be sure to include why it's great
       </label>
     </div>
     <div class="form-check">
       <label class="form-check-label">
-        <input
-          type="radio"
-          class="form-check-input"
-          name="optionsRadios"
-          id="optionsRadios2"
-          value="option2"
-        />
-        Option two can be something else and selecting it will deselect option
-        one
+        <input type="radio" class="form-check-input" name="optionsRadios" id="optionsRadios2" value="option2">
+        Option two can be something else and selecting it will deselect option one
       </label>
     </div>
     <div class="form-check disabled">
       <label class="form-check-label">
-        <input
-          type="radio"
-          class="form-check-input"
-          name="optionsRadios"
-          id="optionsRadios3"
-          value="option3"
-          disabled
-        />
+        <input type="radio" class="form-check-input" name="optionsRadios" id="optionsRadios3" value="option3" disabled>
         Option three is disabled
       </label>
     </div>
   </fieldset>
   <div class="form-check">
     <label class="form-check-label">
-      <input type="checkbox" class="form-check-input" />
+      <input type="checkbox" class="form-check-input">
       Check me out
     </label>
   </div>
   <button type="submit" class="btn btn-primary">Submit</button>
-</form>
+</form>
\ No newline at end of file
```

# Output

```html
<form>
  <div class="form-group">
    <label for="exampleInputEmail1">Email address</label>
    <input type="email" class="form-control" id="exampleInputEmail1" aria-describedby="emailHelp" placeholder="Enter email">
    <small id="emailHelp" class="form-text text-muted">We'll never share your email with anyone else.</small>
  </div>
  <div class="form-group">
    <label for="exampleInputPassword1">Password</label>
    <input type="password" class="form-control" id="exampleInputPassword1" placeholder="Password">
  </div>
  <div class="form-group">
    <label for="exampleSelect1">Example select</label>
    <select class="form-control" id="exampleSelect1">
      <option>1</option>
      <option>2</option>
      <option>3</option>
      <option>4</option>
      <option>5</option>
    </select>
  </div>
  <div class="form-group">
    <label for="exampleSelect2">Example multiple select</label>
    <select multiple class="form-control" id="exampleSelect2">
      <option>1</option>
      <option>2</option>
      <option>3</option>
      <option>4</option>
      <option>5</option>
    </select>
  </div>
  <div class="form-group">
    <label for="exampleTextarea">Example textarea</label>
    <textarea class="form-control" id="exampleTextarea" rows="3"></textarea>
  </div>
  <div class="form-group">
    <label for="exampleInputFile">File input</label>
    <input type="file" class="form-control-file" id="exampleInputFile" aria-describedby="fileHelp">
    <small id="fileHelp" class="form-text text-muted">This is some placeholder block-level help text for the above input. It's a bit lighter and easily wraps to a new line.</small>
  </div>
  <fieldset class="form-group">
    <legend>Radio buttons</legend>
    <div class="form-check">
      <label class="form-check-label">
        <input type="radio" class="form-check-input" name="optionsRadios" id="optionsRadios1" value="option1" checked>
        Option one is this and that&mdash;be sure to include why it's great
      </label>
    </div>
    <div class="form-check">
      <label class="form-check-label">
        <input type="radio" class="form-check-input" name="optionsRadios" id="optionsRadios2" value="option2">
        Option two can be something else and selecting it will deselect option one
      </label>
    </div>
    <div class="form-check disabled">
      <label class="form-check-label">
        <input type="radio" class="form-check-input" name="optionsRadios" id="optionsRadios3" value="option3" disabled>
        Option three is disabled
      </label>
    </div>
  </fieldset>
  <div class="form-check">
    <label class="form-check-label">
      <input type="checkbox" class="form-check-input">
      Check me out
    </label>
  </div>
  <button type="submit" class="btn btn-primary">Submit</button>
</form>```

# Errors
```
form.html:4:74 parse ━━━━━━━━━━━━━━━━━━━━━━━━━━━━━━━━━━━━━━━━━━━━━━━━━━━━━━━━━━━━━━━━━━━━━━━━━━━━━━━

  × Unexpected character `-`
  
    2 │   <div class="form-group">
    3 │     <label for="exampleInputEmail1">Email address</label>
  > 4 │     <input type="email" class="form-control" id="exampleInputEmail1" aria-describedby="emailHelp" placeholder="Enter email">
      │                                                                          ^
    5 │     <small id="emailHelp" class="form-text text-muted">We'll never share your email with anyone else.</small>
    6 │   </div>
  
form.html:37:76 parse ━━━━━━━━━━━━━━━━━━━━━━━━━━━━━━━━━━━━━━━━━━━━━━━━━━━━━━━━━━━━━━━━━━━━━━━━━━━━━━

  × Unexpected character `-`
  
    35 │   <div class="form-group">
    36 │     <label for="exampleInputFile">File input</label>
  > 37 │     <input type="file" class="form-control-file" id="exampleInputFile" aria-describedby="fileHelp">
       │                                                                            ^
    38 │     <small id="fileHelp" class="form-text text-muted">This is some placeholder block-level help text for the above input. It's a bit lighter and easily wraps to a new line.</small>
    39 │   </div>
  
form.html:69:1 parse ━━━━━━━━━━━━━━━━━━━━━━━━━━━━━━━━━━━━━━━━━━━━━━━━━━━━━━━━━━━━━━━━━━━━━━━━━━━━━━━

  × Expected a closing tag but instead found the end of the file.
  
    67 │   <button type="submit" class="btn btn-primary">Submit</button>
    68 │ </form>
  > 69 │ 
       │ 
  
  i Expected a closing tag here.
  
    67 │   <button type="submit" class="btn btn-primary">Submit</button>
    68 │ </form>
  > 69 │ 
       │ 
  

```

# Lines exceeding max width of 80 characters
```
    4:     <input type="email" class="form-control" id="exampleInputEmail1" aria-describedby="emailHelp" placeholder="Enter email">
    5:     <small id="emailHelp" class="form-text text-muted">We'll never share your email with anyone else.</small>
    9:     <input type="password" class="form-control" id="exampleInputPassword1" placeholder="Password">
   37:     <input type="file" class="form-control-file" id="exampleInputFile" aria-describedby="fileHelp">
   38:     <small id="fileHelp" class="form-text text-muted">This is some placeholder block-level help text for the above input. It's a bit lighter and easily wraps to a new line.</small>
   44:         <input type="radio" class="form-check-input" name="optionsRadios" id="optionsRadios1" value="option1" checked>
   50:         <input type="radio" class="form-check-input" name="optionsRadios" id="optionsRadios2" value="option2">
   51:         Option two can be something else and selecting it will deselect option one
   56:         <input type="radio" class="form-check-input" name="optionsRadios" id="optionsRadios3" value="option3" disabled>
```
