---
source: crates/biome_formatter_test/src/snapshot_builder.rs
info: html/single-attribute-per-line/single-attribute-per-line.html
---
# Input

```html
<div data-a="1">
  Lorem ipsum dolor sit amet, consectetur adipiscing elit.
</div>

<div data-a="1" data-b="2" data-c="3">
  Lorem ipsum dolor sit amet, consectetur adipiscing elit.
</div>

<div data-a="Lorem ipsum dolor sit amet" data-b="Lorem ipsum dolor sit amet" data-c="Lorem ipsum dolor sit amet">
  Lorem ipsum dolor sit amet, consectetur adipiscing elit.
</div>

<div data-long-attribute-a="1" data-long-attribute-b="2" data-long-attribute-c="3">
  Lorem ipsum dolor sit amet, consectetur adipiscing elit.
</div>

<img src="/images/foo.png" />

<img src="/images/foo.png" alt="bar" />

<img src="/images/foo.png" alt="Lorem ipsum dolor sit amet, consectetur adipiscing elit." />

```


# Prettier differences

```diff
--- Prettier
+++ Biome
@@ -1,22 +1,16 @@
-<div data-a="1">Lorem ipsum dolor sit amet, consectetur adipiscing elit.</div>
+<div data-a="1">
+  Lorem ipsum dolor sit amet, consectetur adipiscing elit.
+</div>
 
 <div data-a="1" data-b="2" data-c="3">
   Lorem ipsum dolor sit amet, consectetur adipiscing elit.
 </div>
 
-<div
-  data-a="Lorem ipsum dolor sit amet"
-  data-b="Lorem ipsum dolor sit amet"
-  data-c="Lorem ipsum dolor sit amet"
->
+<div data-a="Lorem ipsum dolor sit amet" data-b="Lorem ipsum dolor sit amet" data-c="Lorem ipsum dolor sit amet">
   Lorem ipsum dolor sit amet, consectetur adipiscing elit.
 </div>
 
-<div
-  data-long-attribute-a="1"
-  data-long-attribute-b="2"
-  data-long-attribute-c="3"
->
+<div data-long-attribute-a="1" data-long-attribute-b="2" data-long-attribute-c="3">
   Lorem ipsum dolor sit amet, consectetur adipiscing elit.
 </div>
 
@@ -24,7 +18,4 @@
 
 <img src="/images/foo.png" alt="bar" />
 
-<img
-  src="/images/foo.png"
-  alt="Lorem ipsum dolor sit amet, consectetur adipiscing elit."
-/>
+<img src="/images/foo.png" alt="Lorem ipsum dolor sit amet, consectetur adipiscing elit." />
```

# Output

```html
<div data-a="1">
  Lorem ipsum dolor sit amet, consectetur adipiscing elit.
</div>

<div data-a="1" data-b="2" data-c="3">
  Lorem ipsum dolor sit amet, consectetur adipiscing elit.
</div>

<div data-a="Lorem ipsum dolor sit amet" data-b="Lorem ipsum dolor sit amet" data-c="Lorem ipsum dolor sit amet">
  Lorem ipsum dolor sit amet, consectetur adipiscing elit.
</div>

<div data-long-attribute-a="1" data-long-attribute-b="2" data-long-attribute-c="3">
  Lorem ipsum dolor sit amet, consectetur adipiscing elit.
</div>

<img src="/images/foo.png" />

<img src="/images/foo.png" alt="bar" />

<img src="/images/foo.png" alt="Lorem ipsum dolor sit amet, consectetur adipiscing elit." />
```

# Errors
```
single-attribute-per-line.html:1:10 parse ━━━━━━━━━━━━━━━━━━━━━━━━━━━━━━━━━━━━━━━━━━━━━━━━━━━━━━━━━━

  × Unexpected character `-`
  
  > 1 │ <div data-a="1">
      │          ^
    2 │   Lorem ipsum dolor sit amet, consectetur adipiscing elit.
    3 │ </div>
  

```

# Lines exceeding max width of 80 characters
```
    9: <div data-a="Lorem ipsum dolor sit amet" data-b="Lorem ipsum dolor sit amet" data-c="Lorem ipsum dolor sit amet">
   13: <div data-long-attribute-a="1" data-long-attribute-b="2" data-long-attribute-c="3">
   21: <img src="/images/foo.png" alt="Lorem ipsum dolor sit amet, consectetur adipiscing elit." />
```
