---
source: crates/biome_formatter_test/src/snapshot_builder.rs
info: html/script/module-attributes.html
---
# Input

```html
<script src="foo.wasm" type="module" withtype="webassembly"></script>

```


# Prettier differences

```diff
--- Prettier
+++ Biome
@@ -1 +1 @@
-<script src="foo.wasm" type="module" withtype="webassembly"></script>
+<script src="foo.wasm" type="module" withtype="webassembly"></script>
\ No newline at end of file
```

# Output

```html
<script src="foo.wasm" type="module" withtype="webassembly"></script>```
