---
source: crates/biome_formatter_test/src/snapshot_builder.rs
info: html/script/script.html
---
# Input

```html
<script type="application/ld+json">
  {   "json": true }
</script>
<script type="application/json">
  {   "json":true  }
</script>
<script type="importmap">
  {   "json":true  }
</script>
<script type="systemjs-importmap">
  {   "json":true  }
</script><script type="invalid">
  {   "json":false  }
</script>
<script type="text/html">
  <div>
  <p>foo</p>
  </div>
</script>

<script
  async=""
  id=""
  src="/_next/static/development/pages/_app.js?ts=1565732195968"
></script><script></script>

<!-- #8147 -->
<script lang="vbscript">
Function hello()
End Function
</script>

<script lang="unknown">
</script>

<script type="speculationrules">
  {
   "prerender": [
  {"source": "list", "urls": ["https://a.test/foo"]}
  ]
  }
  </script>

```


# Prettier differences

```diff
--- Prettier
+++ Biome
@@ -1,21 +1,19 @@
 <script type="application/ld+json">
-  { "json": true }
+  {   "json": true }
+</script><script type="application/json">
+  {   "json":true  }
 </script>
-<script type="application/json">
-  { "json": true }
-</script>
 <script type="importmap">
-  { "json": true }
+  {   "json":true  }
 </script>
 <script type="systemjs-importmap">
-  { "json": true }
-</script>
-<script type="invalid">
+  {   "json":true  }
+</script><script type="invalid">
   {   "json":false  }
 </script>
 <script type="text/html">
   <div>
-    <p>foo</p>
+  <p>foo</p>
   </div>
 </script>
 
@@ -23,19 +21,21 @@
   async=""
   id=""
   src="/_next/static/development/pages/_app.js?ts=1565732195968"
-></script>
-<script></script>
+></script><script></script>
 
 <!-- #8147 -->
 <script lang="vbscript">
-  Function hello()
-  End Function
+Function hello()
+End Function
 </script>
 
-<script lang="unknown"></script>
+<script lang="unknown">
+</script>
 
 <script type="speculationrules">
   {
-    "prerender": [{ "source": "list", "urls": ["https://a.test/foo"] }]
+   "prerender": [
+  {"source": "list", "urls": ["https://a.test/foo"]}
+  ]
   }
-</script>
+  </script>
```

# Output

```html
<script type="application/ld+json">
  {   "json": true }
</script><script type="application/json">
  {   "json":true  }
</script>
<script type="importmap">
  {   "json":true  }
</script>
<script type="systemjs-importmap">
  {   "json":true  }
</script><script type="invalid">
  {   "json":false  }
</script>
<script type="text/html">
  <div>
  <p>foo</p>
  </div>
</script>

<script
  async=""
  id=""
  src="/_next/static/development/pages/_app.js?ts=1565732195968"
></script><script></script>

<!-- #8147 -->
<script lang="vbscript">
Function hello()
End Function
</script>

<script lang="unknown">
</script>

<script type="speculationrules">
  {
   "prerender": [
  {"source": "list", "urls": ["https://a.test/foo"]}
  ]
  }
  </script>
```
