---
source: crates/biome_formatter_test/src/snapshot_builder.rs
info: html/yaml/invalid.html
---
# Input

```html
---
    invalid:
invalid:
---



<html><head></head><body></body></html>

```


# Prettier differences

```diff
--- Prettier
+++ Biome
@@ -3,7 +3,6 @@
 invalid:
 ---
 
-<html>
-  <head></head>
-  <body></body>
-</html>
+
+
+<html><head></head><body></body></html>
```

# Output

```html
---
    invalid:
invalid:
---



<html><head></head><body></body></html>
```

# Errors
```
invalid.html:1:1 parse ━━━━━━━━━━━━━━━━━━━━━━━━━━━━━━━━━━━━━━━━━━━━━━━━━━━━━━━━━━━━━━━━━━━━━━━━━━━━━

  × Unexpected character `-`
  
  > 1 │ ---
      │ ^
    2 │     invalid:
    3 │ invalid:
  

```
