---
source: crates/biome_formatter_test/src/snapshot_builder.rs
info: html/cursor/cursor-5.html
---
# Input

```html
<div>bla bla


</div>
<script type="module">
      import lib from './lib.js';
  
        function myFunction() { return 'foo'; }
  </script>

```


# Prettier differences

```diff
--- Prettier
+++ Biome
@@ -1,8 +1,8 @@
-<div>bla bla</div>
-<script type="module">
-  import lib from "./lib.js";
+<div>bla bla
 
-  function myFunction() {
-    return "foo";
-  }
-</script>
+
+</div><script type="module">
+      import lib from './lib.js';
+  
+        function myFunction() { return 'foo'; }
+  </script>
```

# Output

```html
<div>bla bla


</div><script type="module">
      import lib from './lib.js';
  
        function myFunction() { return 'foo'; }
  </script>
```
