---
source: crates/biome_cli/tests/snap_test.rs
expression: content
---
## `fix.js`

```js
const a = 4;
debugger;
console.log(a);

```

# Termination Message

```block
check ━━━━━━━━━━━━━━━━━━━━━━━━━━━━━━━━━━━━━━━━━━━━━━━━━━━━━━━━━━━━━━━━━━━━━━━━━━━━━━━━━━━━━━━━━━━━━━

  × Some errors were emitted while applying fixes.
  


```

# Emitted Messages

```block
fix.js:2:1 lint/suspicious/noDebugger  FIXABLE  ━━━━━━━━━━━━━━━━━━━━━━━━━━━━━━━━━━━━━━━━━━━━━━━━━━━━

  × This is an unexpected use of the debugger statement.
  
    1 │ const a = 4;
  > 2 │ debugger;
      │ ^^^^^^^^^
    3 │ console.log(a);
    4 │ 
  
  i Unsafe fix: Remove debugger statement
  
    1 1 │   const a = 4;
    2   │ - debugger;
    3 2 │   console.log(a);
    4 3 │   
  

```

```block
Skipped 2 suggested fixes.
If you wish to apply the suggested (unsafe) fixes, use the command biome check --fix --unsafe

```

```block
Checked 1 file in <TIME>. Fixed 1 file.
Found 1 error.
```
