---
source: crates/biome_markdown_parser/tests/spec_test.rs
expression: snapshot
snapshot_kind: text
---
## Input

```

```


## AST

```
MdDocument {
    bom_token: missing (optional),
    value: MdBlockList [],
    eof_token: EOF@0..0 "" [] [],
}
```

## CST

```
0: MD_DOCUMENT@0..0
  0: (empty)
  1: MD_BLOCK_LIST@0..0
  2: EOF@0..0 "" [] []

```
