---
source: crates/biome_formatter_test/src/snapshot_builder.rs
info: html/aurelia/basic.html
---
# Input

```html
<template>
  <i class.bind="icon"></i>
</template>

```


# Prettier differences

```diff
--- Prettier
+++ Biome
@@ -1,3 +1,3 @@
 <template>
   <i class.bind="icon"></i>
-</template>
+</template>
\ No newline at end of file
```

# Output

```html
<template>
  <i class.bind="icon"></i>
</template>```

# Errors
```
basic.html:2:11 parse ━━━━━━━━━━━━━━━━━━━━━━━━━━━━━━━━━━━━━━━━━━━━━━━━━━━━━━━━━━━━━━━━━━━━━━━━━━━━━━

  × Unexpected character `.`
  
    1 │ <template>
  > 2 │   <i class.bind="icon"></i>
      │           ^
    3 │ </template>
    4 │ 
  

```
