---
source: crates/biome_formatter_test/src/snapshot_builder.rs
info: html/next_empty_line/standalone-end-marker.html
---
# Input

```html
<div></div
>
<span></span>
<div></div
    
    
           >
<span></span>
<div></div
>

<span></span>

<div>
  <a href="#123123123123123131231312321312312312312312312312312313123123123123123"
    >123123123123</a
  >

  123123
</div>

```


# Prettier differences

```diff
--- Prettier
+++ Biome
@@ -1,14 +1,16 @@
-<div></div>
+<div></div><span></span>
+<div></div
+    
+    
+           >
 <span></span>
-<div></div>
-<span></span>
-<div></div>
+<div></div
+>
 
 <span></span>
 
 <div>
-  <a
-    href="#123123123123123131231312321312312312312312312312312313123123123123123"
+  <a href="#123123123123123131231312321312312312312312312312312313123123123123123"
     >123123123123</a
   >
 
```

# Output

```html
<div></div><span></span>
<div></div
    
    
           >
<span></span>
<div></div
>

<span></span>

<div>
  <a href="#123123123123123131231312321312312312312312312312312313123123123123123"
    >123123123123</a
  >

  123123
</div>
```

# Lines exceeding max width of 80 characters
```
   13:   <a href="#123123123123123131231312321312312312312312312312312313123123123123123"
```
