---
source: crates/biome_formatter_test/src/snapshot_builder.rs
info: html/bracket-same-line/void-elements.html
---
# Input

```html
<img long_long_attribute="long_long_long_long_long_long_long_long_long_long_long_value" src="./1.jpg"/>
<img src="./1.jpg"/><img src="./1.jpg"/><img src="./1.jpg"/><img src="./1.jpg"/><img src="./1.jpg"/>

```


# Prettier differences

```diff
--- Prettier
+++ Biome
@@ -1,7 +1,2 @@
-<img
-  long_long_attribute="long_long_long_long_long_long_long_long_long_long_long_value"
-  src="./1.jpg"
-/>
-<img src="./1.jpg" /><img src="./1.jpg" /><img src="./1.jpg" /><img
-  src="./1.jpg"
-/><img src="./1.jpg" />
+<img long_long_attribute="long_long_long_long_long_long_long_long_long_long_long_value" src="./1.jpg"/>
+<img src="./1.jpg"/><img src="./1.jpg"/><img src="./1.jpg"/><img src="./1.jpg"/><img src="./1.jpg"/>
```

# Output

```html
<img long_long_attribute="long_long_long_long_long_long_long_long_long_long_long_value" src="./1.jpg"/>
<img src="./1.jpg"/><img src="./1.jpg"/><img src="./1.jpg"/><img src="./1.jpg"/><img src="./1.jpg"/>
```

# Errors
```
void-elements.html:1:10 parse ━━━━━━━━━━━━━━━━━━━━━━━━━━━━━━━━━━━━━━━━━━━━━━━━━━━━━━━━━━━━━━━━━━━━━━

  × Unexpected character `_`
  
  > 1 │ <img long_long_attribute="long_long_long_long_long_long_long_long_long_long_long_value" src="./1.jpg"/>
      │          ^
    2 │ <img src="./1.jpg"/><img src="./1.jpg"/><img src="./1.jpg"/><img src="./1.jpg"/><img src="./1.jpg"/>
    3 │ 
  
void-elements.html:1:15 parse ━━━━━━━━━━━━━━━━━━━━━━━━━━━━━━━━━━━━━━━━━━━━━━━━━━━━━━━━━━━━━━━━━━━━━━

  × Unexpected character `_`
  
  > 1 │ <img long_long_attribute="long_long_long_long_long_long_long_long_long_long_long_value" src="./1.jpg"/>
      │               ^
    2 │ <img src="./1.jpg"/><img src="./1.jpg"/><img src="./1.jpg"/><img src="./1.jpg"/><img src="./1.jpg"/>
    3 │ 
  

```

# Lines exceeding max width of 80 characters
```
    1: <img long_long_attribute="long_long_long_long_long_long_long_long_long_long_long_value" src="./1.jpg"/>
    2: <img src="./1.jpg"/><img src="./1.jpg"/><img src="./1.jpg"/><img src="./1.jpg"/><img src="./1.jpg"/>
```
