---
source: crates/biome_formatter_test/src/snapshot_builder.rs
info: html/front-matter/custom-parser.html
---
# Input

```html
---mycustomparser
  
title: Hello
slug: home

---

<h1>
  Hello world!</h1>

```


# Prettier differences

```diff
--- Prettier
+++ Biome
@@ -5,4 +5,5 @@
 
 ---
 
-<h1>Hello world!</h1>
+<h1>
+  Hello world!</h1>
```

# Output

```html
---mycustomparser
  
title: Hello
slug: home

---

<h1>
  Hello world!</h1>
```

# Errors
```
custom-parser.html:1:1 parse ━━━━━━━━━━━━━━━━━━━━━━━━━━━━━━━━━━━━━━━━━━━━━━━━━━━━━━━━━━━━━━━━━━━━━━━

  × Unexpected character `-`
  
  > 1 │ ---mycustomparser
      │ ^
    2 │   
    3 │ title: Hello
  

```
