---
source: crates/biome_formatter_test/src/snapshot_builder.rs
info: html/front-matter/issue-9042.html
---
# Input

```html
---
layout: foo
---

Test <a
href="https://prettier.io">abc</a>.

```


# Prettier differences

```diff
--- Prettier
+++ Biome
@@ -2,4 +2,5 @@
 layout: foo
 ---
 
-Test <a href="https://prettier.io">abc</a>.
+Test <a
+href="https://prettier.io">abc</a>.
```

# Output

```html
---
layout: foo
---

Test <a
href="https://prettier.io">abc</a>.
```

# Errors
```
issue-9042.html:1:1 parse ━━━━━━━━━━━━━━━━━━━━━━━━━━━━━━━━━━━━━━━━━━━━━━━━━━━━━━━━━━━━━━━━━━━━━━━━━━

  × Unexpected character `-`
  
  > 1 │ ---
      │ ^
    2 │ layout: foo
    3 │ ---
  

```
