---
source: crates/biome_formatter_test/src/snapshot_builder.rs
info: html/prettier_ignore/issue-15738.html
---
# Input

```html
<head></head>
<link
  rel="stylesheet"
  href="https://cdn.jsdelivr.net/npm/water.css@2/out/water.css"
/>
<style>marked-md:not(:defined) { display: none }</style>
<script type="module" src="../auto.js"></script>
<!-- prettier-ignore -->
<marked-md display="block"><plaintext>
# Hello world!

```html
<p>Look at these <span id="html">HTML tags</span></p>
<div class="box">They aren't being <code>interpreted</code> as actual HTML</div>
```

But this HTML is <mark>actually parsed</mark> just like **normal**.

> <em>Markdown</em> lets you include <strong>arbitrary</strong> <abbr>HTML</abbr> in it.

```


# Prettier differences

```diff
--- Prettier
+++ Biome
@@ -1,13 +1,8 @@
-<head></head>
-<link
+<head></head><link
   rel="stylesheet"
   href="https://cdn.jsdelivr.net/npm/water.css@2/out/water.css"
 />
-<style>
-  marked-md:not(:defined) {
-    display: none;
-  }
-</style>
+<style>marked-md:not(:defined) { display: none }</style>
 <script type="module" src="../auto.js"></script>
 <!-- prettier-ignore -->
 <marked-md display="block"><plaintext>
```

# Output

```html
<head></head><link
  rel="stylesheet"
  href="https://cdn.jsdelivr.net/npm/water.css@2/out/water.css"
/>
<style>marked-md:not(:defined) { display: none }</style>
<script type="module" src="../auto.js"></script>
<!-- prettier-ignore -->
<marked-md display="block"><plaintext>
# Hello world!

```html
<p>Look at these <span id="html">HTML tags</span></p>
<div class="box">They aren't being <code>interpreted</code> as actual HTML</div>
```

But this HTML is <mark>actually parsed</mark> just like **normal**.

> <em>Markdown</em> lets you include <strong>arbitrary</strong> <abbr>HTML</abbr> in it.
```

# Lines exceeding max width of 80 characters
```
   18: > <em>Markdown</em> lets you include <strong>arbitrary</strong> <abbr>HTML</abbr> in it.
```
