---
source: crates/biome_formatter_test/src/snapshot_builder.rs
info: html/whitespace/display-inline-block.html
---
# Input

```html
<button>Click here! Click here! Click here! Click here! Click here! Click here!</button>
<button>
Click here! Click here! Click here! Click here! Click here! Click here!
</button>
<div>
<button>Click here! Click here! Click here! Click here! Click here! Click here!</button><button>Click here! Click here! Click here! Click here! Click here! Click here!</button>
</div>
<div>
<button>Click here! Click here! Click here! Click here! Click here! Click here!</button>
<button>Click here! Click here! Click here! Click here! Click here! Click here!</button>
</div>
<video src="brave.webm"><track kind=subtitles src=brave.en.vtt srclang=en label="English"><track kind=subtitles src=brave.en.vtt srclang=en label="English"></video>

```


# Prettier differences

```diff
--- Prettier
+++ Biome
@@ -1,25 +1,11 @@
-<button>
-  Click here! Click here! Click here! Click here! Click here! Click here!
-</button>
-<button>
-  Click here! Click here! Click here! Click here! Click here! Click here!
+<button>Click here! Click here! Click here! Click here! Click here! Click here!</button><button>
+Click here! Click here! Click here! Click here! Click here! Click here!
 </button>
 <div>
-  <button>
-    Click here! Click here! Click here! Click here! Click here! Click here!</button
-  ><button>
-    Click here! Click here! Click here! Click here! Click here! Click here!
-  </button>
+<button>Click here! Click here! Click here! Click here! Click here! Click here!</button><button>Click here! Click here! Click here! Click here! Click here! Click here!</button>
 </div>
 <div>
-  <button>
-    Click here! Click here! Click here! Click here! Click here! Click here!
-  </button>
-  <button>
-    Click here! Click here! Click here! Click here! Click here! Click here!
-  </button>
+<button>Click here! Click here! Click here! Click here! Click here! Click here!</button>
+<button>Click here! Click here! Click here! Click here! Click here! Click here!</button>
 </div>
-<video src="brave.webm">
-  <track kind="subtitles" src="brave.en.vtt" srclang="en" label="English" />
-  <track kind="subtitles" src="brave.en.vtt" srclang="en" label="English" />
-</video>
+<video src="brave.webm"><track kind=subtitles src=brave.en.vtt srclang=en label="English"><track kind=subtitles src=brave.en.vtt srclang=en label="English"></video>
```

# Output

```html
<button>Click here! Click here! Click here! Click here! Click here! Click here!</button><button>
Click here! Click here! Click here! Click here! Click here! Click here!
</button>
<div>
<button>Click here! Click here! Click here! Click here! Click here! Click here!</button><button>Click here! Click here! Click here! Click here! Click here! Click here!</button>
</div>
<div>
<button>Click here! Click here! Click here! Click here! Click here! Click here!</button>
<button>Click here! Click here! Click here! Click here! Click here! Click here!</button>
</div>
<video src="brave.webm"><track kind=subtitles src=brave.en.vtt srclang=en label="English"><track kind=subtitles src=brave.en.vtt srclang=en label="English"></video>
```

# Lines exceeding max width of 80 characters
```
    1: <button>Click here! Click here! Click here! Click here! Click here! Click here!</button><button>
    5: <button>Click here! Click here! Click here! Click here! Click here! Click here!</button><button>Click here! Click here! Click here! Click here! Click here! Click here!</button>
    8: <button>Click here! Click here! Click here! Click here! Click here! Click here!</button>
    9: <button>Click here! Click here! Click here! Click here! Click here! Click here!</button>
   11: <video src="brave.webm"><track kind=subtitles src=brave.en.vtt srclang=en label="English"><track kind=subtitles src=brave.en.vtt srclang=en label="English"></video>
```
