---
source: crates/biome_formatter_test/src/snapshot_builder.rs
info: html/whitespace/fill.html
---
# Input

```html
<p>
  <img
    src="/images/pansies.jpg"
    alt="about fedco bottom image"
    style="float: left;"
  /><strong>We are a cooperative</strong>, one of the few seed companies so organized
  in the United States. Because we do not have an individual owner or beneficiary,
  profit is not our primary goal. Consumers own 60% of the cooperative and worker
  members 40%. Consumer and worker members share proportionately in the cooperative&#8217;s
  profits through our annual patronage dividends.
</p>

```


# Prettier differences

```diff
--- Prettier
+++ Biome
@@ -1,12 +1,7 @@
 <p>
-  <img
-    src="/images/pansies.jpg"
-    alt="about fedco bottom image"
-    style="float: left"
-  /><strong>We are a cooperative</strong>, one of the few seed companies so
-  organized in the United States. Because we do not have an individual owner or
-  beneficiary, profit is not our primary goal. Consumers own 60% of the
-  cooperative and worker members 40%. Consumer and worker members share
-  proportionately in the cooperative&#8217;s profits through our annual
-  patronage dividends.
-</p>
+  <imgsrc="/images/pansies.jpg"alt="about fedco bottom image"style="float: left;"
+/><strong>We are a cooperative</strong>, one of the few seed companies so organized
+  in the United States. Because we do not have an individual owner or beneficiary,
+  profit is not our primary goal. Consumers own 60% of the cooperative and worker
+  members 40%. Consumer and worker members share proportionately in the cooperative&#8217;s
+  profits through our annual patronage dividends.</p>
\ No newline at end of file
```

# Output

```html
<p>
  <imgsrc="/images/pansies.jpg"alt="about fedco bottom image"style="float: left;"
/><strong>We are a cooperative</strong>, one of the few seed companies so organized
  in the United States. Because we do not have an individual owner or beneficiary,
  profit is not our primary goal. Consumers own 60% of the cooperative and worker
  members 40%. Consumer and worker members share proportionately in the cooperative&#8217;s
  profits through our annual patronage dividends.</p>```

# Errors
```
fill.html:6:42 parse ━━━━━━━━━━━━━━━━━━━━━━━━━━━━━━━━━━━━━━━━━━━━━━━━━━━━━━━━━━━━━━━━━━━━━━━━━━━━━━━

  × Unexpected character `,`
  
    4 │     alt="about fedco bottom image"
    5 │     style="float: left;"
  > 6 │   /><strong>We are a cooperative</strong>, one of the few seed companies so organized
      │                                          ^
    7 │   in the United States. Because we do not have an individual owner or beneficiary,
    8 │   profit is not our primary goal. Consumers own 60% of the cooperative and worker
  
fill.html:7:23 parse ━━━━━━━━━━━━━━━━━━━━━━━━━━━━━━━━━━━━━━━━━━━━━━━━━━━━━━━━━━━━━━━━━━━━━━━━━━━━━━━

  × Unexpected character `.`
  
    5 │     style="float: left;"
    6 │   /><strong>We are a cooperative</strong>, one of the few seed companies so organized
  > 7 │   in the United States. Because we do not have an individual owner or beneficiary,
      │                       ^
    8 │   profit is not our primary goal. Consumers own 60% of the cooperative and worker
    9 │   members 40%. Consumer and worker members share proportionately in the cooperative&#8217;s
  
fill.html:7:82 parse ━━━━━━━━━━━━━━━━━━━━━━━━━━━━━━━━━━━━━━━━━━━━━━━━━━━━━━━━━━━━━━━━━━━━━━━━━━━━━━━

  × Unexpected character `,`
  
    5 │     style="float: left;"
    6 │   /><strong>We are a cooperative</strong>, one of the few seed companies so organized
  > 7 │   in the United States. Because we do not have an individual owner or beneficiary,
      │                                                                                  ^
    8 │   profit is not our primary goal. Consumers own 60% of the cooperative and worker
    9 │   members 40%. Consumer and worker members share proportionately in the cooperative&#8217;s
  
fill.html:8:33 parse ━━━━━━━━━━━━━━━━━━━━━━━━━━━━━━━━━━━━━━━━━━━━━━━━━━━━━━━━━━━━━━━━━━━━━━━━━━━━━━━

  × Unexpected character `.`
  
     6 │   /><strong>We are a cooperative</strong>, one of the few seed companies so organized
     7 │   in the United States. Because we do not have an individual owner or beneficiary,
   > 8 │   profit is not our primary goal. Consumers own 60% of the cooperative and worker
       │                                 ^
     9 │   members 40%. Consumer and worker members share proportionately in the cooperative&#8217;s
    10 │   profits through our annual patronage dividends.
  
fill.html:8:51 parse ━━━━━━━━━━━━━━━━━━━━━━━━━━━━━━━━━━━━━━━━━━━━━━━━━━━━━━━━━━━━━━━━━━━━━━━━━━━━━━━

  × Unexpected character `%`
  
     6 │   /><strong>We are a cooperative</strong>, one of the few seed companies so organized
     7 │   in the United States. Because we do not have an individual owner or beneficiary,
   > 8 │   profit is not our primary goal. Consumers own 60% of the cooperative and worker
       │                                                   ^
     9 │   members 40%. Consumer and worker members share proportionately in the cooperative&#8217;s
    10 │   profits through our annual patronage dividends.
  
fill.html:9:13 parse ━━━━━━━━━━━━━━━━━━━━━━━━━━━━━━━━━━━━━━━━━━━━━━━━━━━━━━━━━━━━━━━━━━━━━━━━━━━━━━━

  × Unexpected character `%`
  
     7 │   in the United States. Because we do not have an individual owner or beneficiary,
     8 │   profit is not our primary goal. Consumers own 60% of the cooperative and worker
   > 9 │   members 40%. Consumer and worker members share proportionately in the cooperative&#8217;s
       │             ^
    10 │   profits through our annual patronage dividends.
    11 │ </p>
  
fill.html:9:14 parse ━━━━━━━━━━━━━━━━━━━━━━━━━━━━━━━━━━━━━━━━━━━━━━━━━━━━━━━━━━━━━━━━━━━━━━━━━━━━━━━

  × Unexpected character `.`
  
     7 │   in the United States. Because we do not have an individual owner or beneficiary,
     8 │   profit is not our primary goal. Consumers own 60% of the cooperative and worker
   > 9 │   members 40%. Consumer and worker members share proportionately in the cooperative&#8217;s
       │              ^
    10 │   profits through our annual patronage dividends.
    11 │ </p>
  
fill.html:9:84 parse ━━━━━━━━━━━━━━━━━━━━━━━━━━━━━━━━━━━━━━━━━━━━━━━━━━━━━━━━━━━━━━━━━━━━━━━━━━━━━━━

  × Unexpected character `&`
  
     7 │   in the United States. Because we do not have an individual owner or beneficiary,
     8 │   profit is not our primary goal. Consumers own 60% of the cooperative and worker
   > 9 │   members 40%. Consumer and worker members share proportionately in the cooperative&#8217;s
       │                                                                                    ^
    10 │   profits through our annual patronage dividends.
    11 │ </p>
  
fill.html:9:85 parse ━━━━━━━━━━━━━━━━━━━━━━━━━━━━━━━━━━━━━━━━━━━━━━━━━━━━━━━━━━━━━━━━━━━━━━━━━━━━━━━

  × Unexpected character `#`
  
     7 │   in the United States. Because we do not have an individual owner or beneficiary,
     8 │   profit is not our primary goal. Consumers own 60% of the cooperative and worker
   > 9 │   members 40%. Consumer and worker members share proportionately in the cooperative&#8217;s
       │                                                                                     ^
    10 │   profits through our annual patronage dividends.
    11 │ </p>
  
fill.html:9:90 parse ━━━━━━━━━━━━━━━━━━━━━━━━━━━━━━━━━━━━━━━━━━━━━━━━━━━━━━━━━━━━━━━━━━━━━━━━━━━━━━━

  × Unexpected character `;`
  
     7 │   in the United States. Because we do not have an individual owner or beneficiary,
     8 │   profit is not our primary goal. Consumers own 60% of the cooperative and worker
   > 9 │   members 40%. Consumer and worker members share proportionately in the cooperative&#8217;s
       │                                                                                          ^
    10 │   profits through our annual patronage dividends.
    11 │ </p>
  
fill.html:10:49 parse ━━━━━━━━━━━━━━━━━━━━━━━━━━━━━━━━━━━━━━━━━━━━━━━━━━━━━━━━━━━━━━━━━━━━━━━━━━━━━━

  × Unexpected character `.`
  
     8 │   profit is not our primary goal. Consumers own 60% of the cooperative and worker
     9 │   members 40%. Consumer and worker members share proportionately in the cooperative&#8217;s
  > 10 │   profits through our annual patronage dividends.
       │                                                 ^
    11 │ </p>
    12 │ 
  

```

# Lines exceeding max width of 80 characters
```
    2:   <imgsrc="/images/pansies.jpg"alt="about fedco bottom image"style="float: left;"
    3: /><strong>We are a cooperative</strong>, one of the few seed companies so organized
    4:   in the United States. Because we do not have an individual owner or beneficiary,
    5:   profit is not our primary goal. Consumers own 60% of the cooperative and worker
    6:   members 40%. Consumer and worker members share proportionately in the cooperative&#8217;s
```
