---
source: crates/biome_formatter_test/src/snapshot_builder.rs
info: html/symbol_entities/symbol_entitites.html
---
# Input

```html
<p>I will display &euro;</p>
<p>I will display &excl;</p>
<p>I will display &#8364;</p>
<p>I will display &#x20AC;</p>

```


# Prettier differences

```diff
--- Prettier
+++ Biome
@@ -1,4 +1,3 @@
-<p>I will display &euro;</p>
-<p>I will display &excl;</p>
+<p>I will display &euro;</p><p>I will display &excl;</p>
 <p>I will display &#8364;</p>
 <p>I will display &#x20AC;</p>
```

# Output

```html
<p>I will display &euro;</p><p>I will display &excl;</p>
<p>I will display &#8364;</p>
<p>I will display &#x20AC;</p>
```
